**********************************************************
Command args :
load
**********************************************************
Malformed command!
**********************************************************
Command args :
load,test_file_ModuleA.txt
**********************************************************
Could not read file:test_file_ModuleA.txt
