**********************************************************
Command args :
exit
**********************************************************
Program Exit !
