Current Data:
----------------------------------------------------------
1 Bob, 135849
----------------------------------------------------------
Current Data:
----------------------------------------------------------
1 Bob, 135849
2 Bob, 135849
----------------------------------------------------------
