**********************************************************
Command args :

**********************************************************
No command passed!
