**********************************************************
Command args :
help
**********************************************************
Available Commands: 
load <filepath>
add <name> <number>
update <index> <name> <number>
delete <index>
sort
exit
