Current Data:
----------------------------------------------------------
----------------------------------------------------------
Current Data:
----------------------------------------------------------
1 chazzmichaelmichael, 4312
----------------------------------------------------------
